[1] "./varimages"
[1] "./varimages/thread-2.RData"
Loading required package: ggplot2
rstan (Version 2.9.0, packaged: 2016-01-05 16:17:47 UTC, GitRev: 05c3d0058b6a)
For execution on a local, multicore CPU with excess RAM we recommend calling
rstan_options(auto_write = TRUE)
options(mc.cores = parallel::detectCores())
Loading required package: iterators

SAMPLING FOR MODEL 'sirs-euler' NOW (CHAIN 1).

Chain 1, Iteration:    1 / 2000 [  0%]  (Warmup)
Chain 1, Iteration:  200 / 2000 [ 10%]  (Warmup)
Chain 1, Iteration:  400 / 2000 [ 20%]  (Warmup)
Chain 1, Iteration:  600 / 2000 [ 30%]  (Warmup)
Chain 1, Iteration:  800 / 2000 [ 40%]  (Warmup)
Chain 1, Iteration: 1000 / 2000 [ 50%]  (Warmup)
Chain 1, Iteration: 1001 / 2000 [ 50%]  (Sampling)
Chain 1, Iteration: 1200 / 2000 [ 60%]  (Sampling)
Chain 1, Iteration: 1400 / 2000 [ 70%]  (Sampling)
Chain 1, Iteration: 1600 / 2000 [ 80%]  (Sampling)
Chain 1, Iteration: 1800 / 2000 [ 90%]  (Sampling)
Chain 1, Iteration: 2000 / 2000 [100%]  (Sampling)# 
#  Elapsed Time: 27.85 seconds (Warm-up)
#                9.56 seconds (Sampling)
#                37.41 seconds (Total)
# 
The following numerical problems occured the indicated number of times after warmup on chain 1
                                                                                         count
Exception thrown at line 59: normal_log: Location parameter is -nan, but must be finite!    19
When a numerical problem occurs, the Metropolis proposal gets rejected.
However, by design Metropolis proposals sometimes get rejected even when there are no numerical problems.
Thus, if the number in the 'count' column is small, do not ask about this message on stan-users.
Initializing particle states
Starting filter
---------------
Pass
...0 / 50
...1 / 50
...2 / 50
...3 / 50
...4 / 50
...5 / 50
...6 / 50
...7 / 50
...8 / 50
...9 / 50
...10 / 50
...11 / 50
...12 / 50
...13 / 50
...14 / 50
...15 / 50
...16 / 50
...17 / 50
...18 / 50
...19 / 50
...20 / 50
...21 / 50
...22 / 50
...23 / 50
...24 / 50
...25 / 50
...26 / 50
...27 / 50
...28 / 50
...29 / 50
...30 / 50
...31 / 50
...32 / 50
...33 / 50
...34 / 50
...35 / 50
...36 / 50
...37 / 50
...38 / 50
...39 / 50
...40 / 50
...41 / 50
...42 / 50
...43 / 50
...44 / 50
...45 / 50
...46 / 50
...47 / 50
...48 / 50
...49 / 50
Parameter results (mean | sd)
-----------------------------
R0        2.775761 0.145557
r         0.083028 0.000152
re        0.455126 0.138833
sigma     2.285964 0.315170
eta       0.527408 0.004589
berr    0.462664 0.007222
S_init  481.838216 2.823776
I_init    18.161784 2.823776
R_init    0.000000 0.000000

 [1]  1  2  3  4  5  6  7  8  9 10
Initializing particle states
Starting filter
---------------
Pass
...0 / 50
...1 / 50
...2 / 50
...3 / 50
...4 / 50
...5 / 50
...6 / 50
...7 / 50
...8 / 50
...9 / 50
...10 / 50
...11 / 50
...12 / 50
...13 / 50
...14 / 50
...15 / 50
...16 / 50
...17 / 50
...18 / 50
...19 / 50
...20 / 50
...21 / 50
...22 / 50
...23 / 50
...24 / 50
...25 / 50
...26 / 50
...27 / 50
...28 / 50
...29 / 50
...30 / 50
...31 / 50
...32 / 50
...33 / 50
...34 / 50
...35 / 50
...36 / 50
...37 / 50
...38 / 50
...39 / 50
...40 / 50
...41 / 50
...42 / 50
...43 / 50
...44 / 50
...45 / 50
...46 / 50
...47 / 50
...48 / 50
...49 / 50
Parameter results (mean | sd)
-----------------------------
R0        3.034260 0.301478
r         0.087644 0.000291
re        0.083588 0.000987
sigma     2.160436 0.207472
eta       0.882632 0.006364
berr    0.380676 0.061341
S_init  480.902692 4.362333
I_init    19.097308 4.362333
R_init    0.000000 0.000000

Initializing particle states
Starting filter
---------------
Pass
...0 / 50
...1 / 50
...2 / 50
...3 / 50
...4 / 50
...5 / 50
...6 / 50
...7 / 50
...8 / 50
...9 / 50
...10 / 50
...11 / 50
...12 / 50
...13 / 50
...14 / 50
...15 / 50
...16 / 50
...17 / 50
...18 / 50
...19 / 50
...20 / 50
...21 / 50
...22 / 50
...23 / 50
...24 / 50
...25 / 50
...26 / 50
...27 / 50
...28 / 50
...29 / 50
...30 / 50
...31 / 50
...32 / 50
...33 / 50
...34 / 50
...35 / 50
...36 / 50
...37 / 50
...38 / 50
...39 / 50
...40 / 50
...41 / 50
...42 / 50
...43 / 50
...44 / 50
...45 / 50
...46 / 50
...47 / 50
...48 / 50
...49 / 50
Parameter results (mean | sd)
-----------------------------
R0        3.267103 0.198999
r         0.093689 0.000226
re        0.080597 0.002486
sigma     2.303685 0.220591
eta       0.847032 0.004926
berr    0.152861 0.008496
S_init  479.996173 2.323715
I_init    20.003827 2.323715
R_init    0.000000 0.000000

Initializing particle states
Starting filter
---------------
Pass
...0 / 50
...1 / 50
...2 / 50
...3 / 50
...4 / 50
...5 / 50
...6 / 50
...7 / 50
...8 / 50
...9 / 50
...10 / 50
...11 / 50
...12 / 50
...13 / 50
...14 / 50
...15 / 50
...16 / 50
...17 / 50
...18 / 50
...19 / 50
...20 / 50
...21 / 50
...22 / 50
...23 / 50
...24 / 50
...25 / 50
...26 / 50
...27 / 50
...28 / 50
...29 / 50
...30 / 50
...31 / 50
...32 / 50
...33 / 50
...34 / 50
...35 / 50
...36 / 50
...37 / 50
...38 / 50
...39 / 50
...40 / 50
...41 / 50
...42 / 50
...43 / 50
...44 / 50
...45 / 50
...46 / 50
...47 / 50
...48 / 50
...49 / 50
Parameter results (mean | sd)
-----------------------------
R0        3.431985 0.159535
r         0.088518 0.000248
re        0.106837 0.001199
sigma     1.969415 0.217583
eta       0.745150 0.011273
berr    0.121037 0.004859
S_init  479.214220 2.053286
I_init    20.785780 2.053286
R_init    0.000000 0.000000

Initializing particle states
Starting filter
---------------
Pass
...0 / 50
...1 / 50
...2 / 50
...3 / 50
...4 / 50
...5 / 50
...6 / 50
...7 / 50
...8 / 50
...9 / 50
...10 / 50
...11 / 50
...12 / 50
...13 / 50
...14 / 50
...15 / 50
...16 / 50
...17 / 50
...18 / 50
...19 / 50
...20 / 50
...21 / 50
...22 / 50
...23 / 50
...24 / 50
...25 / 50
...26 / 50
...27 / 50
...28 / 50
...29 / 50
...30 / 50
...31 / 50
...32 / 50
...33 / 50
...34 / 50
...35 / 50
...36 / 50
...37 / 50
...38 / 50
...39 / 50
...40 / 50
...41 / 50
...42 / 50
...43 / 50
...44 / 50
...45 / 50
...46 / 50
...47 / 50
...48 / 50
...49 / 50
Parameter results (mean | sd)
-----------------------------
R0        3.661587 0.096410
r         0.079029 0.000132
re        0.152640 0.006659
sigma     1.885844 0.156554
eta       0.874555 0.007269
berr    0.157978 0.013887
S_init  478.110138 8.244145
I_init    21.889862 8.244145
R_init    0.000000 0.000000

Initializing particle states
Starting filter
---------------
Pass
...0 / 50
...1 / 50
...2 / 50
...3 / 50
...4 / 50
...5 / 50
...6 / 50
...7 / 50
...8 / 50
...9 / 50
...10 / 50
...11 / 50
...12 / 50
...13 / 50
...14 / 50
...15 / 50
...16 / 50
...17 / 50
...18 / 50
...19 / 50
...20 / 50
...21 / 50
...22 / 50
...23 / 50
...24 / 50
...25 / 50
...26 / 50
...27 / 50
...28 / 50
...29 / 50
...30 / 50
...31 / 50
...32 / 50
...33 / 50
...34 / 50
...35 / 50
...36 / 50
...37 / 50
...38 / 50
...39 / 50
...40 / 50
...41 / 50
...42 / 50
...43 / 50
...44 / 50
...45 / 50
...46 / 50
...47 / 50
...48 / 50
...49 / 50
Parameter results (mean | sd)
-----------------------------
R0        3.753405 0.082416
r         0.076875 0.000122
re        0.149549 0.006295
sigma     1.619961 0.249984
eta       0.733003 0.005924
berr    0.091734 0.002532
S_init  477.736407 4.649687
I_init    22.263593 4.649687
R_init    0.000000 0.000000

Initializing particle states
Starting filter
---------------
Pass
...0 / 50
...1 / 50
...2 / 50
...3 / 50
...4 / 50
...5 / 50
...6 / 50
...7 / 50
...8 / 50
...9 / 50
...10 / 50
...11 / 50
...12 / 50
...13 / 50
...14 / 50
...15 / 50
...16 / 50
...17 / 50
...18 / 50
...19 / 50
...20 / 50
...21 / 50
...22 / 50
...23 / 50
...24 / 50
...25 / 50
...26 / 50
...27 / 50
...28 / 50
...29 / 50
...30 / 50
...31 / 50
...32 / 50
...33 / 50
...34 / 50
...35 / 50
...36 / 50
...37 / 50
...38 / 50
...39 / 50
...40 / 50
...41 / 50
...42 / 50
...43 / 50
...44 / 50
...45 / 50
...46 / 50
...47 / 50
...48 / 50
...49 / 50
Parameter results (mean | sd)
-----------------------------
R0        3.804738 0.078322
r         0.071928 0.000081
re        0.254536 0.036779
sigma     1.688135 0.203969
eta       0.868935 0.007503
berr    0.158825 0.005755
S_init  473.997569 5.387704
I_init    26.002431 5.387704
R_init    0.000000 0.000000

Initializing particle states
Starting filter
---------------
Pass
...0 / 50
...1 / 50
...2 / 50
...3 / 50
...4 / 50
...5 / 50
...6 / 50
...7 / 50
...8 / 50
...9 / 50
...10 / 50
...11 / 50
...12 / 50
...13 / 50
...14 / 50
...15 / 50
...16 / 50
...17 / 50
...18 / 50
...19 / 50
...20 / 50
...21 / 50
...22 / 50
...23 / 50
...24 / 50
...25 / 50
...26 / 50
...27 / 50
...28 / 50
...29 / 50
...30 / 50
...31 / 50
...32 / 50
...33 / 50
...34 / 50
...35 / 50
...36 / 50
...37 / 50
...38 / 50
...39 / 50
...40 / 50
...41 / 50
...42 / 50
...43 / 50
...44 / 50
...45 / 50
...46 / 50
...47 / 50
...48 / 50
...49 / 50
Parameter results (mean | sd)
-----------------------------
R0        3.830783 0.092802
r         0.069908 0.000093
re        0.310456 0.058863
sigma     1.873825 0.261010
eta       0.805048 0.008986
berr    0.172458 0.004689
S_init  474.767522 1.887107
I_init    25.232478 1.887107
R_init    0.000000 0.000000

Initializing particle states
Starting filter
---------------
Pass
...0 / 50
...1 / 50
...2 / 50
...3 / 50
...4 / 50
...5 / 50
...6 / 50
...7 / 50
...8 / 50
...9 / 50
...10 / 50
...11 / 50
...12 / 50
...13 / 50
...14 / 50
...15 / 50
...16 / 50
...17 / 50
...18 / 50
...19 / 50
...20 / 50
...21 / 50
...22 / 50
...23 / 50
...24 / 50
...25 / 50
...26 / 50
...27 / 50
...28 / 50
...29 / 50
...30 / 50
...31 / 50
...32 / 50
...33 / 50
...34 / 50
...35 / 50
...36 / 50
...37 / 50
...38 / 50
...39 / 50
...40 / 50
...41 / 50
...42 / 50
...43 / 50
...44 / 50
...45 / 50
...46 / 50
...47 / 50
...48 / 50
...49 / 50
Parameter results (mean | sd)
-----------------------------
R0        4.031041 0.104780
r         0.064619 0.000095
re        0.128457 0.004336
sigma     2.012191 0.227693
eta       0.880896 0.012684
berr    0.203551 0.010487
S_init  473.555257 1.088430
I_init    26.444743 1.088430
R_init    0.000000 0.000000

Initializing particle states
Starting filter
---------------
Pass
...0 / 50
...1 / 50
...2 / 50
...3 / 50
...4 / 50
...5 / 50
...6 / 50
...7 / 50
...8 / 50
...9 / 50
...10 / 50
...11 / 50
...12 / 50
...13 / 50
...14 / 50
...15 / 50
...16 / 50
...17 / 50
...18 / 50
...19 / 50
...20 / 50
...21 / 50
...22 / 50
...23 / 50
...24 / 50
...25 / 50
...26 / 50
...27 / 50
...28 / 50
...29 / 50
...30 / 50
...31 / 50
...32 / 50
...33 / 50
...34 / 50
...35 / 50
...36 / 50
...37 / 50
...38 / 50
...39 / 50
...40 / 50
...41 / 50
...42 / 50
...43 / 50
...44 / 50
...45 / 50
...46 / 50
...47 / 50
...48 / 50
...49 / 50
Parameter results (mean | sd)
-----------------------------
R0        3.776179 0.096498
r         0.065146 0.000085
re        0.221320 0.024759
sigma     1.152392 0.247225
eta       0.787074 0.010916
berr    0.245920 0.010806
S_init  475.937606 1.902334
I_init    24.062394 1.902334
R_init    0.000000 0.000000

Initializing particle states
Starting filter
---------------
Pass
...0 / 50
...1 / 50
...2 / 50
...3 / 50
...4 / 50
...5 / 50
...6 / 50
...7 / 50
...8 / 50
...9 / 50
...10 / 50
...11 / 50
...12 / 50
...13 / 50
...14 / 50
...15 / 50
...16 / 50
...17 / 50
...18 / 50
...19 / 50
...20 / 50
...21 / 50
...22 / 50
...23 / 50
...24 / 50
...25 / 50
...26 / 50
...27 / 50
...28 / 50
...29 / 50
...30 / 50
...31 / 50
...32 / 50
...33 / 50
...34 / 50
...35 / 50
...36 / 50
...37 / 50
...38 / 50
...39 / 50
...40 / 50
...41 / 50
...42 / 50
...43 / 50
...44 / 50
...45 / 50
...46 / 50
...47 / 50
...48 / 50
...49 / 50
Parameter results (mean | sd)
-----------------------------
R0        3.841680 0.078096
r         0.068246 0.000052
re        0.161637 0.009166
sigma     1.089092 0.254530
eta       0.485546 0.032801
berr    0.153678 0.018820
S_init  475.899179 3.296509
I_init    24.100821 3.296509
R_init    0.000000 0.000000

There were 11 warnings (use warnings() to see them)

SAMPLING FOR MODEL 'sirs-euler' NOW (CHAIN 1).

Chain 1, Iteration:    1 / 2000 [  0%]  (Warmup)
Chain 1, Iteration:  200 / 2000 [ 10%]  (Warmup)
Chain 1, Iteration:  400 / 2000 [ 20%]  (Warmup)
Chain 1, Iteration:  600 / 2000 [ 30%]  (Warmup)
Chain 1, Iteration:  800 / 2000 [ 40%]  (Warmup)
Chain 1, Iteration: 1000 / 2000 [ 50%]  (Warmup)
Chain 1, Iteration: 1001 / 2000 [ 50%]  (Sampling)
Chain 1, Iteration: 1200 / 2000 [ 60%]  (Sampling)
Chain 1, Iteration: 1400 / 2000 [ 70%]  (Sampling)
Chain 1, Iteration: 1600 / 2000 [ 80%]  (Sampling)
Chain 1, Iteration: 1800 / 2000 [ 90%]  (Sampling)
Chain 1, Iteration: 2000 / 2000 [100%]  (Sampling)# 
#  Elapsed Time: 4454.28 seconds (Warm-up)
#                4928.67 seconds (Sampling)
#                9382.95 seconds (Total)
# 
The following numerical problems occured the indicated number of times after warmup on chain 1
                                                                                         count
Exception thrown at line 59: normal_log: Location parameter is -inf, but must be finite!     1
Exception thrown at line 59: normal_log: Location parameter is -nan, but must be finite!     1
When a numerical problem occurs, the Metropolis proposal gets rejected.
However, by design Metropolis proposals sometimes get rejected even when there are no numerical problems.
Thus, if the number in the 'count' column is small, do not ask about this message on stan-users.
