[1] "./varimages"
[1] "./varimages/thread-4.RData"
Loading required package: ggplot2
rstan (Version 2.9.0, packaged: 2016-01-05 16:17:47 UTC, GitRev: 05c3d0058b6a)
For execution on a local, multicore CPU with excess RAM we recommend calling
rstan_options(auto_write = TRUE)
options(mc.cores = parallel::detectCores())
Loading required package: iterators

SAMPLING FOR MODEL 'sirs-euler' NOW (CHAIN 1).

Chain 1, Iteration:    1 / 2000 [  0%]  (Warmup)
Chain 1, Iteration:  200 / 2000 [ 10%]  (Warmup)
Chain 1, Iteration:  400 / 2000 [ 20%]  (Warmup)
Chain 1, Iteration:  600 / 2000 [ 30%]  (Warmup)
Chain 1, Iteration:  800 / 2000 [ 40%]  (Warmup)
Chain 1, Iteration: 1000 / 2000 [ 50%]  (Warmup)
Chain 1, Iteration: 1001 / 2000 [ 50%]  (Sampling)
Chain 1, Iteration: 1200 / 2000 [ 60%]  (Sampling)
Chain 1, Iteration: 1400 / 2000 [ 70%]  (Sampling)
Chain 1, Iteration: 1600 / 2000 [ 80%]  (Sampling)
Chain 1, Iteration: 1800 / 2000 [ 90%]  (Sampling)
Chain 1, Iteration: 2000 / 2000 [100%]  (Sampling)# 
#  Elapsed Time: 33.36 seconds (Warm-up)
#                18.26 seconds (Sampling)
#                51.62 seconds (Total)
# 
The following numerical problems occured the indicated number of times after warmup on chain 1
                                                                                         count
Exception thrown at line 59: normal_log: Location parameter is -nan, but must be finite!     4
Exception thrown at line 59: normal_log: Location parameter is -inf, but must be finite!     1
When a numerical problem occurs, the Metropolis proposal gets rejected.
However, by design Metropolis proposals sometimes get rejected even when there are no numerical problems.
Thus, if the number in the 'count' column is small, do not ask about this message on stan-users.
Initializing particle states
Starting filter
---------------
Pass
...0 / 50
...1 / 50
...2 / 50
...3 / 50
...4 / 50
...5 / 50
...6 / 50
...7 / 50
...8 / 50
...9 / 50
...10 / 50
...11 / 50
...12 / 50
...13 / 50
...14 / 50
...15 / 50
...16 / 50
...17 / 50
...18 / 50
...19 / 50
...20 / 50
...21 / 50
...22 / 50
...23 / 50
...24 / 50
...25 / 50
...26 / 50
...27 / 50
...28 / 50
...29 / 50
...30 / 50
...31 / 50
...32 / 50
...33 / 50
...34 / 50
...35 / 50
...36 / 50
...37 / 50
...38 / 50
...39 / 50
...40 / 50
...41 / 50
...42 / 50
...43 / 50
...44 / 50
...45 / 50
...46 / 50
...47 / 50
...48 / 50
...49 / 50
Parameter results (mean | sd)
-----------------------------
R0        3.324269 0.115271
r         0.097214 0.000197
re        0.580186 0.233924
sigma     2.667916 0.292180
eta       0.862582 0.011914
berr    0.458115 0.016237
S_init  489.350215 3.083980
I_init    10.649785 3.083980
R_init    0.000000 0.000000

 [1]  1  2  3  4  5  6  7  8  9 10
Initializing particle states
Starting filter
---------------
Pass
...0 / 50
...1 / 50
...2 / 50
...3 / 50
...4 / 50
...5 / 50
...6 / 50
...7 / 50
...8 / 50
...9 / 50
...10 / 50
...11 / 50
...12 / 50
...13 / 50
...14 / 50
...15 / 50
...16 / 50
...17 / 50
...18 / 50
...19 / 50
...20 / 50
...21 / 50
...22 / 50
...23 / 50
...24 / 50
...25 / 50
...26 / 50
...27 / 50
...28 / 50
...29 / 50
...30 / 50
...31 / 50
...32 / 50
...33 / 50
...34 / 50
...35 / 50
...36 / 50
...37 / 50
...38 / 50
...39 / 50
...40 / 50
...41 / 50
...42 / 50
...43 / 50
...44 / 50
...45 / 50
...46 / 50
...47 / 50
...48 / 50
...49 / 50
Parameter results (mean | sd)
-----------------------------
R0        3.302742 0.106628
r         0.100914 0.000161
re        0.333747 0.054602
sigma     2.774952 0.434117
eta       0.664934 0.013222
berr    0.243190 0.009641
S_init  490.462746 5.644032
I_init    9.537254 5.644032
R_init    0.000000 0.000000

Initializing particle states
Starting filter
---------------
Pass
...0 / 50
...1 / 50
...2 / 50
...3 / 50
...4 / 50
...5 / 50
...6 / 50
...7 / 50
...8 / 50
...9 / 50
...10 / 50
...11 / 50
...12 / 50
...13 / 50
...14 / 50
...15 / 50
...16 / 50
...17 / 50
...18 / 50
...19 / 50
...20 / 50
...21 / 50
...22 / 50
...23 / 50
...24 / 50
...25 / 50
...26 / 50
...27 / 50
...28 / 50
...29 / 50
...30 / 50
...31 / 50
...32 / 50
...33 / 50
...34 / 50
...35 / 50
...36 / 50
...37 / 50
...38 / 50
...39 / 50
...40 / 50
...41 / 50
...42 / 50
...43 / 50
...44 / 50
...45 / 50
...46 / 50
...47 / 50
...48 / 50
...49 / 50
Parameter results (mean | sd)
-----------------------------
R0        3.092473 0.122920
r         0.090522 0.000226
re        0.207618 0.014287
sigma     2.060487 0.248637
eta       0.899029 0.006731
berr    0.081797 0.002719
S_init  492.364782 3.402159
I_init    7.635218 3.402159
R_init    0.000000 0.000000

Initializing particle states
Starting filter
---------------
Pass
...0 / 50
...1 / 50
...2 / 50
...3 / 50
...4 / 50
...5 / 50
...6 / 50
...7 / 50
...8 / 50
...9 / 50
...10 / 50
...11 / 50
...12 / 50
...13 / 50
...14 / 50
...15 / 50
...16 / 50
...17 / 50
...18 / 50
...19 / 50
...20 / 50
...21 / 50
...22 / 50
...23 / 50
...24 / 50
...25 / 50
...26 / 50
...27 / 50
...28 / 50
...29 / 50
...30 / 50
...31 / 50
...32 / 50
...33 / 50
...34 / 50
...35 / 50
...36 / 50
...37 / 50
...38 / 50
...39 / 50
...40 / 50
...41 / 50
...42 / 50
...43 / 50
...44 / 50
...45 / 50
...46 / 50
...47 / 50
...48 / 50
...49 / 50
Parameter results (mean | sd)
-----------------------------
R0        2.722053 0.249930
r         0.067699 0.000385
re        0.123410 0.003918
sigma     1.419244 0.176894
eta       0.607265 0.019583
berr    0.353351 0.006051
S_init  487.494867 2.529880
I_init    12.505133 2.529880
R_init    0.000000 0.000000

Initializing particle states
Starting filter
---------------
Pass
...0 / 50
...1 / 50
...2 / 50
...3 / 50
...4 / 50
...5 / 50
...6 / 50
...7 / 50
...8 / 50
...9 / 50
...10 / 50
...11 / 50
...12 / 50
...13 / 50
...14 / 50
...15 / 50
...16 / 50
...17 / 50
...18 / 50
...19 / 50
...20 / 50
...21 / 50
...22 / 50
...23 / 50
...24 / 50
...25 / 50
...26 / 50
...27 / 50
...28 / 50
...29 / 50
...30 / 50
...31 / 50
...32 / 50
...33 / 50
...34 / 50
...35 / 50
...36 / 50
...37 / 50
...38 / 50
...39 / 50
...40 / 50
...41 / 50
...42 / 50
...43 / 50
...44 / 50
...45 / 50
...46 / 50
...47 / 50
...48 / 50
...49 / 50
Parameter results (mean | sd)
-----------------------------
R0        3.123080 0.281372
r         0.067664 0.000373
re        0.060578 0.000610
sigma     1.217426 0.135003
eta       0.771872 0.004386
berr    0.179561 0.006103
S_init  487.362049 4.153400
I_init    12.637951 4.153400
R_init    0.000000 0.000000

Initializing particle states
Starting filter
---------------
Pass
...0 / 50
...1 / 50
...2 / 50
...3 / 50
...4 / 50
...5 / 50
...6 / 50
...7 / 50
...8 / 50
...9 / 50
...10 / 50
...11 / 50
...12 / 50
...13 / 50
...14 / 50
...15 / 50
...16 / 50
...17 / 50
...18 / 50
...19 / 50
...20 / 50
...21 / 50
...22 / 50
...23 / 50
...24 / 50
...25 / 50
...26 / 50
...27 / 50
...28 / 50
...29 / 50
...30 / 50
...31 / 50
...32 / 50
...33 / 50
...34 / 50
...35 / 50
...36 / 50
...37 / 50
...38 / 50
...39 / 50
...40 / 50
...41 / 50
...42 / 50
...43 / 50
...44 / 50
...45 / 50
...46 / 50
...47 / 50
...48 / 50
...49 / 50
Parameter results (mean | sd)
-----------------------------
R0        3.143060 0.173299
r         0.065120 0.000211
re        0.178854 0.013443
sigma     0.885861 0.149367
eta       0.518158 0.007053
berr    0.214036 0.010758
S_init  486.009044 4.542453
I_init    13.990956 4.542453
R_init    0.000000 0.000000

Initializing particle states
Starting filter
---------------
Pass
...0 / 50
...1 / 50
...2 / 50
...3 / 50
...4 / 50
...5 / 50
...6 / 50
...7 / 50
...8 / 50
...9 / 50
...10 / 50
...11 / 50
...12 / 50
...13 / 50
...14 / 50
...15 / 50
...16 / 50
...17 / 50
...18 / 50
...19 / 50
...20 / 50
...21 / 50
...22 / 50
...23 / 50
...24 / 50
...25 / 50
...26 / 50
...27 / 50
...28 / 50
...29 / 50
...30 / 50
...31 / 50
...32 / 50
...33 / 50
...34 / 50
...35 / 50
...36 / 50
...37 / 50
...38 / 50
...39 / 50
...40 / 50
...41 / 50
...42 / 50
...43 / 50
...44 / 50
...45 / 50
...46 / 50
...47 / 50
...48 / 50
...49 / 50
Parameter results (mean | sd)
-----------------------------
R0        3.392617 0.090898
r         0.076863 0.000168
re        0.468659 0.155018
sigma     0.653631 0.109792
eta       0.684405 0.017860
berr    0.116946 0.004963
S_init  485.785597 3.849842
I_init    14.214403 3.849842
R_init    0.000000 0.000000

Initializing particle states
Starting filter
---------------
Pass
...0 / 50
...1 / 50
...2 / 50
...3 / 50
...4 / 50
...5 / 50
...6 / 50
...7 / 50
...8 / 50
...9 / 50
...10 / 50
...11 / 50
...12 / 50
...13 / 50
...14 / 50
...15 / 50
...16 / 50
...17 / 50
...18 / 50
...19 / 50
...20 / 50
...21 / 50
...22 / 50
...23 / 50
...24 / 50
...25 / 50
...26 / 50
...27 / 50
...28 / 50
...29 / 50
...30 / 50
...31 / 50
...32 / 50
...33 / 50
...34 / 50
...35 / 50
...36 / 50
...37 / 50
...38 / 50
...39 / 50
...40 / 50
...41 / 50
...42 / 50
...43 / 50
...44 / 50
...45 / 50
...46 / 50
...47 / 50
...48 / 50
...49 / 50
Parameter results (mean | sd)
-----------------------------
R0        3.499503 0.090628
r         0.075346 0.000141
re        0.985191 0.828593
sigma     0.739818 0.148743
eta       0.857766 0.003164
berr    0.196831 0.005382
S_init  485.503376 2.532315
I_init    14.496624 2.532315
R_init    0.000000 0.000000

Initializing particle states
Starting filter
---------------
Pass
...0 / 50
...1 / 50
...2 / 50
...3 / 50
...4 / 50
...5 / 50
...6 / 50
...7 / 50
...8 / 50
...9 / 50
...10 / 50
...11 / 50
...12 / 50
...13 / 50
...14 / 50
...15 / 50
...16 / 50
...17 / 50
...18 / 50
...19 / 50
...20 / 50
...21 / 50
...22 / 50
...23 / 50
...24 / 50
...25 / 50
...26 / 50
...27 / 50
...28 / 50
...29 / 50
...30 / 50
...31 / 50
...32 / 50
...33 / 50
...34 / 50
...35 / 50
...36 / 50
...37 / 50
...38 / 50
...39 / 50
...40 / 50
...41 / 50
...42 / 50
...43 / 50
...44 / 50
...45 / 50
...46 / 50
...47 / 50
...48 / 50
...49 / 50
Parameter results (mean | sd)
-----------------------------
R0        3.708134 0.065431
r         0.074378 0.000070
re        0.255829 0.033423
sigma     0.294301 0.044838
eta       0.908710 0.004444
berr    0.145413 0.002954
S_init  488.335524 3.162153
I_init    11.664476 3.162153
R_init    0.000000 0.000000

Initializing particle states
Starting filter
---------------
Pass
...0 / 50
...1 / 50
...2 / 50
...3 / 50
...4 / 50
...5 / 50
...6 / 50
...7 / 50
...8 / 50
...9 / 50
...10 / 50
...11 / 50
...12 / 50
...13 / 50
...14 / 50
...15 / 50
...16 / 50
...17 / 50
...18 / 50
...19 / 50
...20 / 50
...21 / 50
...22 / 50
...23 / 50
...24 / 50
...25 / 50
...26 / 50
...27 / 50
...28 / 50
...29 / 50
...30 / 50
...31 / 50
...32 / 50
...33 / 50
...34 / 50
...35 / 50
...36 / 50
...37 / 50
...38 / 50
...39 / 50
...40 / 50
...41 / 50
...42 / 50
...43 / 50
...44 / 50
...45 / 50
...46 / 50
...47 / 50
...48 / 50
...49 / 50
Parameter results (mean | sd)
-----------------------------
R0        3.926895 0.071459
r         0.070024 0.000057
re        0.206655 0.019684
sigma     0.445005 0.057586
eta       0.744243 0.009497
berr    0.098983 0.003162
S_init  488.284903 1.468495
I_init    11.715097 1.468495
R_init    0.000000 0.000000

Initializing particle states
Starting filter
---------------
Pass
...0 / 50
...1 / 50
...2 / 50
...3 / 50
...4 / 50
...5 / 50
...6 / 50
...7 / 50
...8 / 50
...9 / 50
...10 / 50
...11 / 50
...12 / 50
...13 / 50
...14 / 50
...15 / 50
...16 / 50
...17 / 50
...18 / 50
...19 / 50
...20 / 50
...21 / 50
...22 / 50
...23 / 50
...24 / 50
...25 / 50
...26 / 50
...27 / 50
...28 / 50
...29 / 50
...30 / 50
...31 / 50
...32 / 50
...33 / 50
...34 / 50
...35 / 50
...36 / 50
...37 / 50
...38 / 50
...39 / 50
...40 / 50
...41 / 50
...42 / 50
...43 / 50
...44 / 50
...45 / 50
...46 / 50
...47 / 50
...48 / 50
...49 / 50
Parameter results (mean | sd)
-----------------------------
R0        4.107816 0.067515
r         0.070705 0.000049
re        0.224895 0.024305
sigma     0.762377 0.125264
eta       0.928126 0.002131
berr    0.142183 0.003186
S_init  487.391865 1.619756
I_init    12.608135 1.619756
R_init    0.000000 0.000000

There were 11 warnings (use warnings() to see them)

SAMPLING FOR MODEL 'sirs-euler' NOW (CHAIN 1).

Chain 1, Iteration:    1 / 2000 [  0%]  (Warmup)
Chain 1, Iteration:  200 / 2000 [ 10%]  (Warmup)
Chain 1, Iteration:  400 / 2000 [ 20%]  (Warmup)
Chain 1, Iteration:  600 / 2000 [ 30%]  (Warmup)
Chain 1, Iteration:  800 / 2000 [ 40%]  (Warmup)
Chain 1, Iteration: 1000 / 2000 [ 50%]  (Warmup)
Chain 1, Iteration: 1001 / 2000 [ 50%]  (Sampling)
Chain 1, Iteration: 1200 / 2000 [ 60%]  (Sampling)
Chain 1, Iteration: 1400 / 2000 [ 70%]  (Sampling)
Chain 1, Iteration: 1600 / 2000 [ 80%]  (Sampling)
Chain 1, Iteration: 1800 / 2000 [ 90%]  (Sampling)
Chain 1, Iteration: 2000 / 2000 [100%]  (Sampling)# 
#  Elapsed Time: 3274.2 seconds (Warm-up)
#                4264.91 seconds (Sampling)
#                7539.11 seconds (Total)
# 
The following numerical problems occured the indicated number of times after warmup on chain 1
                                                                                         count
Exception thrown at line 59: normal_log: Location parameter is -nan, but must be finite!     3
When a numerical problem occurs, the Metropolis proposal gets rejected.
However, by design Metropolis proposals sometimes get rejected even when there are no numerical problems.
Thus, if the number in the 'count' column is small, do not ask about this message on stan-users.
