[1] "./varimages"
[1] "./varimages/thread-7.RData"
Loading required package: ggplot2
rstan (Version 2.9.0, packaged: 2016-01-05 16:17:47 UTC, GitRev: 05c3d0058b6a)
For execution on a local, multicore CPU with excess RAM we recommend calling
rstan_options(auto_write = TRUE)
options(mc.cores = parallel::detectCores())
Loading required package: iterators

SAMPLING FOR MODEL 'sirs-euler' NOW (CHAIN 1).

Chain 1, Iteration:    1 / 2000 [  0%]  (Warmup)
Chain 1, Iteration:  200 / 2000 [ 10%]  (Warmup)
Chain 1, Iteration:  400 / 2000 [ 20%]  (Warmup)
Chain 1, Iteration:  600 / 2000 [ 30%]  (Warmup)
Chain 1, Iteration:  800 / 2000 [ 40%]  (Warmup)
Chain 1, Iteration: 1000 / 2000 [ 50%]  (Warmup)
Chain 1, Iteration: 1001 / 2000 [ 50%]  (Sampling)
Chain 1, Iteration: 1200 / 2000 [ 60%]  (Sampling)
Chain 1, Iteration: 1400 / 2000 [ 70%]  (Sampling)
Chain 1, Iteration: 1600 / 2000 [ 80%]  (Sampling)
Chain 1, Iteration: 1800 / 2000 [ 90%]  (Sampling)
Chain 1, Iteration: 2000 / 2000 [100%]  (Sampling)# 
#  Elapsed Time: 35.87 seconds (Warm-up)
#                9.47 seconds (Sampling)
#                45.34 seconds (Total)
# 
The following numerical problems occured the indicated number of times after warmup on chain 1
                                                                                         count
Exception thrown at line 59: normal_log: Location parameter is -nan, but must be finite!    14
Exception thrown at line 59: normal_log: Location parameter is -inf, but must be finite!     4
When a numerical problem occurs, the Metropolis proposal gets rejected.
However, by design Metropolis proposals sometimes get rejected even when there are no numerical problems.
Thus, if the number in the 'count' column is small, do not ask about this message on stan-users.
Initializing particle states
Starting filter
---------------
Pass
...0 / 50
...1 / 50
...2 / 50
...3 / 50
...4 / 50
...5 / 50
...6 / 50
...7 / 50
...8 / 50
...9 / 50
...10 / 50
...11 / 50
...12 / 50
...13 / 50
...14 / 50
...15 / 50
...16 / 50
...17 / 50
...18 / 50
...19 / 50
...20 / 50
...21 / 50
...22 / 50
...23 / 50
...24 / 50
...25 / 50
...26 / 50
...27 / 50
...28 / 50
...29 / 50
...30 / 50
...31 / 50
...32 / 50
...33 / 50
...34 / 50
...35 / 50
...36 / 50
...37 / 50
...38 / 50
...39 / 50
...40 / 50
...41 / 50
...42 / 50
...43 / 50
...44 / 50
...45 / 50
...46 / 50
...47 / 50
...48 / 50
...49 / 50
Parameter results (mean | sd)
-----------------------------
R0        2.467187 0.259235
r         0.091460 0.000194
re        0.047555 0.002130
sigma     3.393946 0.394552
eta       0.881265 0.004133
berr    0.610621 0.014010
S_init  488.731557 2.867742
I_init    11.268443 2.867742
R_init    0.000000 0.000000

 [1]  1  2  3  4  5  6  7  8  9 10
Initializing particle states
Starting filter
---------------
Pass
...0 / 50
...1 / 50
...2 / 50
...3 / 50
...4 / 50
...5 / 50
...6 / 50
...7 / 50
...8 / 50
...9 / 50
...10 / 50
...11 / 50
...12 / 50
...13 / 50
...14 / 50
...15 / 50
...16 / 50
...17 / 50
...18 / 50
...19 / 50
...20 / 50
...21 / 50
...22 / 50
...23 / 50
...24 / 50
...25 / 50
...26 / 50
...27 / 50
...28 / 50
...29 / 50
...30 / 50
...31 / 50
...32 / 50
...33 / 50
...34 / 50
...35 / 50
...36 / 50
...37 / 50
...38 / 50
...39 / 50
...40 / 50
...41 / 50
...42 / 50
...43 / 50
...44 / 50
...45 / 50
...46 / 50
...47 / 50
...48 / 50
...49 / 50
Parameter results (mean | sd)
-----------------------------
R0        3.113628 0.437887
r         0.091586 0.000470
re        0.293389 0.043007
sigma     2.462131 0.274537
eta       0.399350 0.026392
berr    0.163421 0.014026
S_init  486.538044 4.639735
I_init    13.461956 4.639735
R_init    0.000000 0.000000

Initializing particle states
Starting filter
---------------
Pass
...0 / 50
...1 / 50
...2 / 50
...3 / 50
...4 / 50
...5 / 50
...6 / 50
...7 / 50
...8 / 50
...9 / 50
...10 / 50
...11 / 50
...12 / 50
...13 / 50
...14 / 50
...15 / 50
...16 / 50
...17 / 50
...18 / 50
...19 / 50
...20 / 50
...21 / 50
...22 / 50
...23 / 50
...24 / 50
...25 / 50
...26 / 50
...27 / 50
...28 / 50
...29 / 50
...30 / 50
...31 / 50
...32 / 50
...33 / 50
...34 / 50
...35 / 50
...36 / 50
...37 / 50
...38 / 50
...39 / 50
...40 / 50
...41 / 50
...42 / 50
...43 / 50
...44 / 50
...45 / 50
...46 / 50
...47 / 50
...48 / 50
...49 / 50
Parameter results (mean | sd)
-----------------------------
R0        2.883600 0.173586
r         0.093557 0.000262
re        0.548477 0.209091
sigma     2.259186 0.293491
eta       0.674602 0.020225
berr    0.436869 0.012285
S_init  485.628863 6.614928
I_init    14.371137 6.614928
R_init    0.000000 0.000000

Initializing particle states
Starting filter
---------------
Pass
...0 / 50
...1 / 50
...2 / 50
...3 / 50
...4 / 50
...5 / 50
...6 / 50
...7 / 50
...8 / 50
...9 / 50
...10 / 50
...11 / 50
...12 / 50
...13 / 50
...14 / 50
...15 / 50
...16 / 50
...17 / 50
...18 / 50
...19 / 50
...20 / 50
...21 / 50
...22 / 50
...23 / 50
...24 / 50
...25 / 50
...26 / 50
...27 / 50
...28 / 50
...29 / 50
...30 / 50
...31 / 50
...32 / 50
...33 / 50
...34 / 50
...35 / 50
...36 / 50
...37 / 50
...38 / 50
...39 / 50
...40 / 50
...41 / 50
...42 / 50
...43 / 50
...44 / 50
...45 / 50
...46 / 50
...47 / 50
...48 / 50
...49 / 50
Parameter results (mean | sd)
-----------------------------
R0        3.090482 0.247751
r         0.092261 0.000367
re        0.048241 0.002579
sigma     2.156844 0.215385
eta       0.856750 0.008599
berr    0.122919 0.006371
S_init  486.260000 8.022622
I_init    13.740000 8.022622
R_init    0.000000 0.000000

Initializing particle states
Starting filter
---------------
Pass
...0 / 50
...1 / 50
...2 / 50
...3 / 50
...4 / 50
...5 / 50
...6 / 50
...7 / 50
...8 / 50
...9 / 50
...10 / 50
...11 / 50
...12 / 50
...13 / 50
...14 / 50
...15 / 50
...16 / 50
...17 / 50
...18 / 50
...19 / 50
...20 / 50
...21 / 50
...22 / 50
...23 / 50
...24 / 50
...25 / 50
...26 / 50
...27 / 50
...28 / 50
...29 / 50
...30 / 50
...31 / 50
...32 / 50
...33 / 50
...34 / 50
...35 / 50
...36 / 50
...37 / 50
...38 / 50
...39 / 50
...40 / 50
...41 / 50
...42 / 50
...43 / 50
...44 / 50
...45 / 50
...46 / 50
...47 / 50
...48 / 50
...49 / 50
Parameter results (mean | sd)
-----------------------------
R0        2.532358 0.192063
r         0.102437 0.000912
re        0.327064 0.053552
sigma     1.235948 0.292530
eta       0.820467 0.024889
berr    0.187425 0.011959
S_init  483.083682 4.303557
I_init    16.916318 4.303557
R_init    0.000000 0.000000

Initializing particle states
Starting filter
---------------
Pass
...0 / 50
...1 / 50
...2 / 50
...3 / 50
...4 / 50
...5 / 50
...6 / 50
...7 / 50
...8 / 50
...9 / 50
...10 / 50
...11 / 50
...12 / 50
...13 / 50
...14 / 50
...15 / 50
...16 / 50
...17 / 50
...18 / 50
...19 / 50
...20 / 50
...21 / 50
...22 / 50
...23 / 50
...24 / 50
...25 / 50
...26 / 50
...27 / 50
...28 / 50
...29 / 50
...30 / 50
...31 / 50
...32 / 50
...33 / 50
...34 / 50
...35 / 50
...36 / 50
...37 / 50
...38 / 50
...39 / 50
...40 / 50
...41 / 50
...42 / 50
...43 / 50
...44 / 50
...45 / 50
...46 / 50
...47 / 50
...48 / 50
...49 / 50
Parameter results (mean | sd)
-----------------------------
R0        2.638632 0.612255
r         0.079093 0.000606
re        0.192645 0.013133
sigma     1.009325 0.071685
eta       0.842169 0.004719
berr    0.117310 0.004931
S_init  481.469529 2.517039
I_init    18.530471 2.517039
R_init    0.000000 0.000000

Initializing particle states
Starting filter
---------------
Pass
...0 / 50
...1 / 50
...2 / 50
...3 / 50
...4 / 50
...5 / 50
...6 / 50
...7 / 50
...8 / 50
...9 / 50
...10 / 50
...11 / 50
...12 / 50
...13 / 50
...14 / 50
...15 / 50
...16 / 50
...17 / 50
...18 / 50
...19 / 50
...20 / 50
...21 / 50
...22 / 50
...23 / 50
...24 / 50
...25 / 50
...26 / 50
...27 / 50
...28 / 50
...29 / 50
...30 / 50
...31 / 50
...32 / 50
...33 / 50
...34 / 50
...35 / 50
...36 / 50
...37 / 50
...38 / 50
...39 / 50
...40 / 50
...41 / 50
...42 / 50
...43 / 50
...44 / 50
...45 / 50
...46 / 50
...47 / 50
...48 / 50
...49 / 50
Parameter results (mean | sd)
-----------------------------
R0        1.935616 0.309251
r         0.078044 0.000587
re        0.200400 0.015124
sigma     0.387719 0.070518
eta       0.544327 0.006943
berr    0.073571 0.004646
S_init  482.797096 2.118200
I_init    17.202904 2.118200
R_init    0.000000 0.000000

Initializing particle states
Starting filter
---------------
Pass
...0 / 50
...1 / 50
...2 / 50
...3 / 50
...4 / 50
...5 / 50
...6 / 50
...7 / 50
...8 / 50
...9 / 50
...10 / 50
...11 / 50
...12 / 50
...13 / 50
...14 / 50
...15 / 50
...16 / 50
...17 / 50
...18 / 50
...19 / 50
...20 / 50
...21 / 50
...22 / 50
...23 / 50
...24 / 50
...25 / 50
...26 / 50
...27 / 50
...28 / 50
...29 / 50
...30 / 50
...31 / 50
...32 / 50
...33 / 50
...34 / 50
...35 / 50
...36 / 50
...37 / 50
...38 / 50
...39 / 50
...40 / 50
...41 / 50
...42 / 50
...43 / 50
...44 / 50
...45 / 50
...46 / 50
...47 / 50
...48 / 50
...49 / 50
Parameter results (mean | sd)
-----------------------------
R0        0.951883 0.148464
r         0.099021 0.000313
re        0.460439 0.130766
sigma     0.334913 0.036305
eta       0.764929 0.002341
berr    0.184254 0.004619
S_init  480.872044 1.810746
I_init    19.127956 1.810746
R_init    0.000000 0.000000

Initializing particle states
Starting filter
---------------
Pass
...0 / 50
...1 / 50
...2 / 50
...3 / 50
...4 / 50
...5 / 50
...6 / 50
...7 / 50
...8 / 50
...9 / 50
...10 / 50
...11 / 50
...12 / 50
...13 / 50
...14 / 50
...15 / 50
...16 / 50
...17 / 50
...18 / 50
...19 / 50
...20 / 50
...21 / 50
...22 / 50
...23 / 50
...24 / 50
...25 / 50
...26 / 50
...27 / 50
...28 / 50
...29 / 50
...30 / 50
...31 / 50
...32 / 50
...33 / 50
...34 / 50
...35 / 50
...36 / 50
...37 / 50
...38 / 50
...39 / 50
...40 / 50
...41 / 50
...42 / 50
...43 / 50
...44 / 50
...45 / 50
...46 / 50
...47 / 50
...48 / 50
...49 / 50
Parameter results (mean | sd)
-----------------------------
R0        0.874844 0.061915
r         0.171535 0.000186
re        0.524906 0.124905
sigma     0.137119 0.013348
eta       0.949643 0.000900
berr    1.435671 0.001117
S_init  496.804940 0.355871
I_init    3.195060 0.355871
R_init    0.000000 0.000000

Initializing particle states
Starting filter
---------------
Pass
...0 / 50
...1 / 50
...2 / 50
...3 / 50
...4 / 50
...5 / 50
...6 / 50
...7 / 50
...8 / 50
...9 / 50
...10 / 50
...11 / 50
...12 / 50
...13 / 50
...14 / 50
...15 / 50
...16 / 50
...17 / 50
...18 / 50
...19 / 50
...20 / 50
...21 / 50
...22 / 50
...23 / 50
...24 / 50
...25 / 50
...26 / 50
...27 / 50
...28 / 50
...29 / 50
...30 / 50
...31 / 50
...32 / 50
...33 / 50
...34 / 50
...35 / 50
...36 / 50
...37 / 50
...38 / 50
...39 / 50
...40 / 50
...41 / 50
...42 / 50
...43 / 50
...44 / 50
...45 / 50
...46 / 50
...47 / 50
...48 / 50
...49 / 50
Parameter results (mean | sd)
-----------------------------
R0        0.967022 0.053393
r         0.236295 0.000037
re        0.062459 0.030230
sigma     0.124529 0.008873
eta       0.369438 0.000484
berr    1.388556 0.000778
S_init  494.072386 0.155822
I_init    5.927614 0.155822
R_init    0.000000 0.000000

Initializing particle states
Starting filter
---------------
Pass
...0 / 50
...1 / 50
...2 / 50
...3 / 50
...4 / 50
...5 / 50
...6 / 50
...7 / 50
...8 / 50
...9 / 50
...10 / 50
...11 / 50
...12 / 50
...13 / 50
...14 / 50
...15 / 50
...16 / 50
...17 / 50
...18 / 50
...19 / 50
...20 / 50
...21 / 50
...22 / 50
...23 / 50
...24 / 50
...25 / 50
...26 / 50
...27 / 50
...28 / 50
...29 / 50
...30 / 50
...31 / 50
...32 / 50
...33 / 50
...34 / 50
...35 / 50
...36 / 50
...37 / 50
...38 / 50
...39 / 50
...40 / 50
...41 / 50
...42 / 50
...43 / 50
...44 / 50
...45 / 50
...46 / 50
...47 / 50
...48 / 50
...49 / 50
Parameter results (mean | sd)
-----------------------------
R0        1.043049 0.110847
r         0.243787 0.000277
re        0.174952 0.004833
sigma     0.395930 0.072851
eta       0.819512 0.001898
berr    1.852294 0.003385
S_init  495.981833 0.836806
I_init    4.018167 0.836806
R_init    0.000000 0.000000

There were 11 warnings (use warnings() to see them)

SAMPLING FOR MODEL 'sirs-euler' NOW (CHAIN 1).

Chain 1, Iteration:    1 / 2000 [  0%]  (Warmup)
Chain 1, Iteration:  200 / 2000 [ 10%]  (Warmup)
Chain 1, Iteration:  400 / 2000 [ 20%]  (Warmup)
Chain 1, Iteration:  600 / 2000 [ 30%]  (Warmup)
Chain 1, Iteration:  800 / 2000 [ 40%]  (Warmup)
Chain 1, Iteration: 1000 / 2000 [ 50%]  (Warmup)
Chain 1, Iteration: 1001 / 2000 [ 50%]  (Sampling)
Chain 1, Iteration: 1200 / 2000 [ 60%]  (Sampling)
Chain 1, Iteration: 1400 / 2000 [ 70%]  (Sampling)
Chain 1, Iteration: 1600 / 2000 [ 80%]  (Sampling)
Chain 1, Iteration: 1800 / 2000 [ 90%]  (Sampling)