[1] "./varimages"
[1] "./varimages/thread-8.RData"
Loading required package: ggplot2
rstan (Version 2.9.0, packaged: 2016-01-05 16:17:47 UTC, GitRev: 05c3d0058b6a)
For execution on a local, multicore CPU with excess RAM we recommend calling
rstan_options(auto_write = TRUE)
options(mc.cores = parallel::detectCores())
Loading required package: iterators

SAMPLING FOR MODEL 'sirs-euler' NOW (CHAIN 1).

Chain 1, Iteration:    1 / 2000 [  0%]  (Warmup)
Chain 1, Iteration:  200 / 2000 [ 10%]  (Warmup)
Chain 1, Iteration:  400 / 2000 [ 20%]  (Warmup)
Chain 1, Iteration:  600 / 2000 [ 30%]  (Warmup)
Chain 1, Iteration:  800 / 2000 [ 40%]  (Warmup)
Chain 1, Iteration: 1000 / 2000 [ 50%]  (Warmup)
Chain 1, Iteration: 1001 / 2000 [ 50%]  (Sampling)
Chain 1, Iteration: 1200 / 2000 [ 60%]  (Sampling)
Chain 1, Iteration: 1400 / 2000 [ 70%]  (Sampling)
Chain 1, Iteration: 1600 / 2000 [ 80%]  (Sampling)
Chain 1, Iteration: 1800 / 2000 [ 90%]  (Sampling)
Chain 1, Iteration: 2000 / 2000 [100%]  (Sampling)# 
#  Elapsed Time: 51.66 seconds (Warm-up)
#                20.21 seconds (Sampling)
#                71.87 seconds (Total)
# 
The following numerical problems occured the indicated number of times after warmup on chain 1
                                                                                         count
Exception thrown at line 59: normal_log: Location parameter is -nan, but must be finite!   271
Exception thrown at line 59: normal_log: Location parameter is -inf, but must be finite!    51
When a numerical problem occurs, the Metropolis proposal gets rejected.
However, by design Metropolis proposals sometimes get rejected even when there are no numerical problems.
Thus, if the number in the 'count' column is small, do not ask about this message on stan-users.
Initializing particle states
Starting filter
---------------
Pass
...0 / 50
...1 / 50
...2 / 50
...3 / 50
...4 / 50
...5 / 50
...6 / 50
...7 / 50
...8 / 50
...9 / 50
...10 / 50
...11 / 50
...12 / 50
...13 / 50
...14 / 50
...15 / 50
...16 / 50
...17 / 50
...18 / 50
...19 / 50
...20 / 50
...21 / 50
...22 / 50
...23 / 50
...24 / 50
...25 / 50
...26 / 50
...27 / 50
...28 / 50
...29 / 50
...30 / 50
...31 / 50
...32 / 50
...33 / 50
...34 / 50
...35 / 50
...36 / 50
...37 / 50
...38 / 50
...39 / 50
...40 / 50
...41 / 50
...42 / 50
...43 / 50
...44 / 50
...45 / 50
...46 / 50
...47 / 50
...48 / 50
...49 / 50
Parameter results (mean | sd)
-----------------------------
R0        2.068697 0.102914
r         0.107150 0.000236
re        0.225529 0.014230
sigma     1.995424 0.381418
eta       0.895736 0.004120
berr    0.738835 0.005314
S_init  488.102328 4.212869
I_init    11.897672 4.212869
R_init    0.000000 0.000000

 [1]  1  2  3  4  5  6  7  8  9 10
Initializing particle states
Starting filter
---------------
Pass
...0 / 50
...1 / 50
...2 / 50
...3 / 50
...4 / 50
...5 / 50
...6 / 50
...7 / 50
...8 / 50
...9 / 50
...10 / 50
...11 / 50
...12 / 50
...13 / 50
...14 / 50
...15 / 50
...16 / 50
...17 / 50
...18 / 50
...19 / 50
...20 / 50
...21 / 50
...22 / 50
...23 / 50
...24 / 50
...25 / 50
...26 / 50
...27 / 50
...28 / 50
...29 / 50
...30 / 50
...31 / 50
...32 / 50
...33 / 50
...34 / 50
...35 / 50
...36 / 50
...37 / 50
...38 / 50
...39 / 50
...40 / 50
...41 / 50
...42 / 50
...43 / 50
...44 / 50
...45 / 50
...46 / 50
...47 / 50
...48 / 50
...49 / 50
Parameter results (mean | sd)
-----------------------------
R0        2.997848 0.400483
r         0.034553 0.000309
re        0.695704 0.437343
sigma     1.578475 0.130233
eta       0.423035 0.020094
berr    0.243632 0.003523
S_init  482.850253 4.525464
I_init    17.149747 4.525464
R_init    0.000000 0.000000

Initializing particle states
Starting filter
---------------
Pass
...0 / 50
...1 / 50
...2 / 50
...3 / 50
...4 / 50
...5 / 50
...6 / 50
...7 / 50
...8 / 50
...9 / 50
...10 / 50
...11 / 50
...12 / 50
...13 / 50
...14 / 50
...15 / 50
...16 / 50
...17 / 50
...18 / 50
...19 / 50
...20 / 50
...21 / 50
...22 / 50
...23 / 50
...24 / 50
...25 / 50
...26 / 50
...27 / 50
...28 / 50
...29 / 50
...30 / 50
...31 / 50
...32 / 50
...33 / 50
...34 / 50
...35 / 50
...36 / 50
...37 / 50
...38 / 50
...39 / 50
...40 / 50
...41 / 50
...42 / 50
...43 / 50
...44 / 50
...45 / 50
...46 / 50
...47 / 50
...48 / 50
...49 / 50
Parameter results (mean | sd)
-----------------------------
R0        3.372462 0.231160
r         0.033679 0.000135
re        0.087192 0.003230
sigma     1.586485 0.214785
eta       0.800799 0.008736
berr    0.059165 0.002413
S_init  480.764299 5.120860
I_init    19.235701 5.120860
R_init    0.000000 0.000000

Initializing particle states
Starting filter
---------------
Pass
...0 / 50
...1 / 50
...2 / 50
...3 / 50
...4 / 50
...5 / 50
...6 / 50
...7 / 50
...8 / 50
...9 / 50
...10 / 50
...11 / 50
...12 / 50
...13 / 50
...14 / 50
...15 / 50
...16 / 50
...17 / 50
...18 / 50
...19 / 50
...20 / 50
...21 / 50
...22 / 50
...23 / 50
...24 / 50
...25 / 50
...26 / 50
...27 / 50
...28 / 50
...29 / 50
...30 / 50
...31 / 50
...32 / 50
...33 / 50
...34 / 50
...35 / 50
...36 / 50
...37 / 50
...38 / 50
...39 / 50
...40 / 50
...41 / 50
...42 / 50
...43 / 50
...44 / 50
...45 / 50
...46 / 50
...47 / 50
...48 / 50
...49 / 50
Parameter results (mean | sd)
-----------------------------
R0        3.493210 0.228642
r         0.026482 0.000118
re        0.375265 0.122037
sigma     1.708986 0.279833
eta       0.593017 0.014814
berr    0.195349 0.007030
S_init  483.561542 3.051527
I_init    16.438458 3.051527
R_init    0.000000 0.000000

Initializing particle states
Starting filter
---------------
Pass
...0 / 50
...1 / 50
...2 / 50
...3 / 50
...4 / 50
...5 / 50
...6 / 50
...7 / 50
...8 / 50
...9 / 50
...10 / 50
...11 / 50
...12 / 50
...13 / 50
...14 / 50
...15 / 50
...16 / 50
...17 / 50
...18 / 50
...19 / 50
...20 / 50
...21 / 50
...22 / 50
...23 / 50
...24 / 50
...25 / 50
...26 / 50
...27 / 50
...28 / 50
...29 / 50
...30 / 50
...31 / 50
...32 / 50
...33 / 50
...34 / 50
...35 / 50
...36 / 50
...37 / 50
...38 / 50
...39 / 50
...40 / 50
...41 / 50
...42 / 50
...43 / 50
...44 / 50
...45 / 50
...46 / 50
...47 / 50
...48 / 50
...49 / 50
Parameter results (mean | sd)
-----------------------------
R0        2.866287 0.301319
r         0.025549 0.000088
re        0.386261 0.130752
sigma     1.815187 0.182891
eta       0.863151 0.013124
berr    0.600123 0.020251
S_init  484.654327 1.823614
I_init    15.345673 1.823614
R_init    0.000000 0.000000

Initializing particle states
Starting filter
---------------
Pass
...0 / 50
...1 / 50
...2 / 50
...3 / 50
...4 / 50
...5 / 50
...6 / 50
...7 / 50
...8 / 50
...9 / 50
...10 / 50
...11 / 50
...12 / 50
...13 / 50
...14 / 50
...15 / 50
...16 / 50
...17 / 50
...18 / 50
...19 / 50
...20 / 50
...21 / 50
...22 / 50
...23 / 50
...24 / 50
...25 / 50
...26 / 50
...27 / 50
...28 / 50
...29 / 50
...30 / 50
...31 / 50
...32 / 50
...33 / 50
...34 / 50
...35 / 50
...36 / 50
...37 / 50
...38 / 50
...39 / 50
...40 / 50
...41 / 50
...42 / 50
...43 / 50
...44 / 50
...45 / 50
...46 / 50
...47 / 50
...48 / 50
...49 / 50
Parameter results (mean | sd)
-----------------------------
R0        3.271166 0.291640
r         0.024449 0.000101
re        0.214080 0.036335
sigma     2.147788 0.267330
eta       0.447392 0.007069
berr    0.117775 0.005254
S_init  487.591678 9.758729
I_init    12.408322 9.758729
R_init    0.000000 0.000000

Initializing particle states
Starting filter
---------------
Pass
...0 / 50
...1 / 50
...2 / 50
...3 / 50
...4 / 50
...5 / 50
...6 / 50
...7 / 50
...8 / 50
...9 / 50
...10 / 50
...11 / 50
...12 / 50
...13 / 50
...14 / 50
...15 / 50
...16 / 50
...17 / 50
...18 / 50
...19 / 50
...20 / 50
...21 / 50
...22 / 50
...23 / 50
...24 / 50
...25 / 50
...26 / 50
...27 / 50
...28 / 50
...29 / 50
...30 / 50
...31 / 50
...32 / 50
...33 / 50
...34 / 50
...35 / 50
...36 / 50
...37 / 50
...38 / 50
...39 / 50
...40 / 50
...41 / 50
...42 / 50
...43 / 50
...44 / 50
...45 / 50
...46 / 50
...47 / 50
...48 / 50
...49 / 50
Parameter results (mean | sd)
-----------------------------
R0        2.995556 0.378567
r         0.019928 0.000125
re        0.259102 0.058563
sigma     2.504714 0.267359
eta       0.828516 0.011054
berr    0.223434 0.015270
S_init  484.366128 2.387854
I_init    15.633872 2.387854
R_init    0.000000 0.000000

Initializing particle states
Starting filter
---------------
Pass
...0 / 50
...1 / 50
...2 / 50
...3 / 50
...4 / 50
...5 / 50
...6 / 50
...7 / 50
...8 / 50
...9 / 50
...10 / 50
...11 / 50
...12 / 50
...13 / 50
...14 / 50
...15 / 50
...16 / 50
...17 / 50
...18 / 50
...19 / 50
...20 / 50
...21 / 50
...22 / 50
...23 / 50
...24 / 50
...25 / 50
...26 / 50
...27 / 50
...28 / 50
...29 / 50
...30 / 50
...31 / 50
...32 / 50
...33 / 50
...34 / 50
...35 / 50
...36 / 50
...37 / 50
...38 / 50
...39 / 50
...40 / 50
...41 / 50
...42 / 50
...43 / 50
...44 / 50
...45 / 50
...46 / 50
...47 / 50
...48 / 50
...49 / 50
Parameter results (mean | sd)
-----------------------------
R0        3.070428 0.297403
r         0.014842 0.000095
re        0.429132 0.171876
sigma     2.391995 0.301705
eta       0.608822 0.010142
berr    0.176100 0.030180
S_init  484.496326 3.108220
I_init    15.503674 3.108220
R_init    0.000000 0.000000

Initializing particle states
Starting filter
---------------
Pass
...0 / 50
...1 / 50
...2 / 50
...3 / 50
...4 / 50
...5 / 50
...6 / 50
...7 / 50
...8 / 50
...9 / 50
...10 / 50
...11 / 50
...12 / 50
...13 / 50
...14 / 50
...15 / 50
...16 / 50
...17 / 50
...18 / 50
...19 / 50
...20 / 50
...21 / 50
...22 / 50
...23 / 50
...24 / 50
...25 / 50
...26 / 50
...27 / 50
...28 / 50
...29 / 50
...30 / 50
...31 / 50
...32 / 50
...33 / 50
...34 / 50
...35 / 50
...36 / 50
...37 / 50
...38 / 50
...39 / 50
...40 / 50
...41 / 50
...42 / 50
...43 / 50
...44 / 50
...45 / 50
...46 / 50
...47 / 50
...48 / 50
...49 / 50
Parameter results (mean | sd)
-----------------------------
R0        2.609751 0.559224
r         0.020510 0.000129
re        0.044176 0.001507
sigma     2.416275 0.300974
eta       0.471130 0.021981
berr    0.491540 0.049786
S_init  484.466215 2.427489
I_init    15.533785 2.427489
R_init    0.000000 0.000000

Initializing particle states
Starting filter
---------------
Pass
...0 / 50
...1 / 50
...2 / 50
...3 / 50
...4 / 50
...5 / 50
...6 / 50
...7 / 50
...8 / 50
...9 / 50
...10 / 50
...11 / 50
...12 / 50
...13 / 50
...14 / 50
...15 / 50
...16 / 50
...17 / 50
...18 / 50
...19 / 50
...20 / 50
...21 / 50
...22 / 50
...23 / 50
...24 / 50
...25 / 50
...26 / 50
...27 / 50
...28 / 50
...29 / 50
...30 / 50
...31 / 50
...32 / 50
...33 / 50
...34 / 50
...35 / 50
...36 / 50
...37 / 50
...38 / 50
...39 / 50
...40 / 50
...41 / 50
...42 / 50
...43 / 50
...44 / 50
...45 / 50
...46 / 50
...47 / 50
...48 / 50
...49 / 50
Parameter results (mean | sd)
-----------------------------
R0        3.024083 0.483055
r         0.021619 0.000135
re        0.206703 0.036528
sigma     2.497507 0.344267
eta       0.782007 0.031640
berr    0.308673 0.028104
S_init  483.467636 10.462443
I_init    16.532364 10.462443
R_init    0.000000 0.000000

Initializing particle states
Starting filter
---------------
Pass
...0 / 50
...1 / 50
...2 / 50
...3 / 50
...4 / 50
...5 / 50
...6 / 50
...7 / 50
...8 / 50
...9 / 50
...10 / 50
...11 / 50
...12 / 50
...13 / 50
...14 / 50
...15 / 50
...16 / 50
...17 / 50
...18 / 50
...19 / 50
...20 / 50
...21 / 50
...22 / 50
...23 / 50
...24 / 50
...25 / 50
...26 / 50
...27 / 50
...28 / 50
...29 / 50
...30 / 50
...31 / 50
...32 / 50
...33 / 50
...34 / 50
...35 / 50
...36 / 50
...37 / 50
...38 / 50
...39 / 50
...40 / 50
...41 / 50
...42 / 50
...43 / 50
...44 / 50
...45 / 50
...46 / 50
...47 / 50
...48 / 50
...49 / 50
Parameter results (mean | sd)
-----------------------------
R0        3.087856 0.459605
r         0.016602 0.000107
re        0.186755 0.029218
sigma     2.454856 0.310147
eta       0.204053 0.019116
berr    0.165173 0.010817
S_init  479.999337 3.436264
I_init    20.000663 3.436264
R_init    0.000000 0.000000

There were 11 warnings (use warnings() to see them)

SAMPLING FOR MODEL 'sirs-euler' NOW (CHAIN 1).

Chain 1, Iteration:    1 / 2000 [  0%]  (Warmup)
Chain 1, Iteration:  200 / 2000 [ 10%]  (Warmup)
Chain 1, Iteration:  400 / 2000 [ 20%]  (Warmup)
Chain 1, Iteration:  600 / 2000 [ 30%]  (Warmup)
Chain 1, Iteration:  800 / 2000 [ 40%]  (Warmup)
Chain 1, Iteration: 1000 / 2000 [ 50%]  (Warmup)
Chain 1, Iteration: 1001 / 2000 [ 50%]  (Sampling)
Chain 1, Iteration: 1200 / 2000 [ 60%]  (Sampling)
Chain 1, Iteration: 1400 / 2000 [ 70%]  (Sampling)
Chain 1, Iteration: 1600 / 2000 [ 80%]  (Sampling)
Chain 1, Iteration: 1800 / 2000 [ 90%]  (Sampling)
Chain 1, Iteration: 2000 / 2000 [100%]  (Sampling)# 
#  Elapsed Time: 5921.65 seconds (Warm-up)
#                4672.38 seconds (Sampling)
#                10594 seconds (Total)
# 
